2026-08-10 13:19:47.680: [INFO] CurrentProfilePath: C:\Users\Milen\OneDrive\Documentos\UNIV.2do\2-Cuatrimestre\Algoritmos y Estructura de datos\.metadata\.plugins\org.eclipse.swt\EBWebView\Default
2026-08-10 13:19:47.680: [INFO] Profiles total count: 1
2026-08-10 13:19:47.680: [INFO] Profile: name=Perfil 1 path=C:\Users\Milen\OneDrive\Documentos\UNIV.2do\2-Cuatrimestre\Algoritmos y Estructura de datos\.metadata\.plugins\org.eclipse.swt\EBWebView\Default lastActive=null
2026-08-10 13:19:47.680: [INFO] LastUsedProfileDir: C:\Users\Milen\OneDrive\Documentos\UNIV.2do\2-Cuatrimestre\Algoritmos y Estructura de datos\.metadata\.plugins\org.eclipse.swt\EBWebView\Default
2026-08-10 13:19:47.680: [INFO] OnDoneLoading sync enabled: 0
2026-08-10 13:19:47.680: [INFO] BookmarkModelLoaded, ids_reassigned: 0
2026-08-10 13:19:47.680: [INFO] BookmarksLoadDropped droppedNodes=0
2026-08-10 13:19:47.680: [INFO] BookmarksSnapshot Startup total=0 bar=0 other=0 mobile=0 showBar=0 showBarNTP=1
2026-08-10 13:20:02.330: [INFO] BookmarksSnapshot Shutdown total=0 bar=0 other=0 mobile=0 showBar=0 showBarNTP=1
2026-08-10 13:24:15.610: [INFO] CurrentProfilePath: C:\Users\Milen\OneDrive\Documentos\UNIV.2do\2-Cuatrimestre\Algoritmos y Estructura de datos\.metadata\.plugins\org.eclipse.swt\EBWebView\Default
2026-08-10 13:24:15.610: [INFO] Profiles total count: 1
2026-08-10 13:24:15.610: [INFO] Profile: name=Perfil 1 path=C:\Users\Milen\OneDrive\Documentos\UNIV.2do\2-Cuatrimestre\Algoritmos y Estructura de datos\.metadata\.plugins\org.eclipse.swt\EBWebView\Default lastActive=2026-08-10T13:19:48.434Z
2026-08-10 13:24:15.610: [INFO] LastUsedProfileDir: C:\Users\Milen\OneDrive\Documentos\UNIV.2do\2-Cuatrimestre\Algoritmos y Estructura de datos\.metadata\.plugins\org.eclipse.swt\EBWebView\Default
2026-08-10 13:24:15.610: [INFO] MostRecentlyActiveProfile: name=Perfil 1 path=C:\Users\Milen\OneDrive\Documentos\UNIV.2do\2-Cuatrimestre\Algoritmos y Estructura de datos\.metadata\.plugins\org.eclipse.swt\EBWebView\Default lastActive=2026-08-10T13:19:48.434Z
2026-08-10 13:24:15.610: [INFO] OnDoneLoading sync enabled: 0
2026-08-10 13:24:15.610: [INFO] BookmarkModelLoaded, ids_reassigned: 0
2026-08-10 13:24:15.610: [INFO] BookmarksLoadDropped droppedNodes=0
2026-08-10 13:24:15.610: [INFO] BookmarksSnapshot Startup total=0 bar=0 other=0 mobile=0 showBar=0 showBarNTP=1
2026-08-10 13:24:15.722: [INFO] BookmarksSnapshot Shutdown total=0 bar=0 other=0 mobile=0 showBar=0 showBarNTP=1
2026-08-10 13:24:40.323: [INFO] CurrentProfilePath: C:\Users\Milen\OneDrive\Documentos\UNIV.2do\2-Cuatrimestre\Algoritmos y Estructura de datos\.metadata\.plugins\org.eclipse.swt\EBWebView\Default
2026-08-10 13:24:40.323: [INFO] Profiles total count: 1
2026-08-10 13:24:40.323: [INFO] Profile: name=Perfil 1 path=C:\Users\Milen\OneDrive\Documentos\UNIV.2do\2-Cuatrimestre\Algoritmos y Estructura de datos\.metadata\.plugins\org.eclipse.swt\EBWebView\Default lastActive=2026-08-10T13:19:48.434Z
2026-08-10 13:24:40.323: [INFO] LastUsedProfileDir: C:\Users\Milen\OneDrive\Documentos\UNIV.2do\2-Cuatrimestre\Algoritmos y Estructura de datos\.metadata\.plugins\org.eclipse.swt\EBWebView\Default
2026-08-10 13:24:40.323: [INFO] MostRecentlyActiveProfile: name=Perfil 1 path=C:\Users\Milen\OneDrive\Documentos\UNIV.2do\2-Cuatrimestre\Algoritmos y Estructura de datos\.metadata\.plugins\org.eclipse.swt\EBWebView\Default lastActive=2026-08-10T13:19:48.434Z
2026-08-10 13:24:40.323: [INFO] OnDoneLoading sync enabled: 0
2026-08-10 13:24:40.323: [INFO] BookmarkModelLoaded, ids_reassigned: 0
2026-08-10 13:24:40.323: [INFO] BookmarksLoadDropped droppedNodes=0
2026-08-10 13:24:40.323: [INFO] BookmarksSnapshot Startup total=0 bar=0 other=0 mobile=0 showBar=0 showBarNTP=1
2026-08-11 02:43:18.326: [INFO] BookmarksSnapshot Shutdown total=0 bar=0 other=0 mobile=0 showBar=0 showBarNTP=1
2026-08-11 02:52:31.448: [INFO] CurrentProfilePath: C:\Users\Milen\OneDrive\Documentos\UNIV.2do\2-Cuatrimestre\Algoritmos y Estructura de datos\.metadata\.plugins\org.eclipse.swt\EBWebView\Default
2026-08-11 02:52:31.448: [INFO] Profiles total count: 1
2026-08-11 02:52:31.449: [INFO] Profile: name=Perfil 1 path=C:\Users\Milen\OneDrive\Documentos\UNIV.2do\2-Cuatrimestre\Algoritmos y Estructura de datos\.metadata\.plugins\org.eclipse.swt\EBWebView\Default lastActive=2026-08-10T13:19:48.434Z
2026-08-11 02:52:31.449: [INFO] LastUsedProfileDir: C:\Users\Milen\OneDrive\Documentos\UNIV.2do\2-Cuatrimestre\Algoritmos y Estructura de datos\.metadata\.plugins\org.eclipse.swt\EBWebView\Default
2026-08-11 02:52:31.449: [INFO] MostRecentlyActiveProfile: name=Perfil 1 path=C:\Users\Milen\OneDrive\Documentos\UNIV.2do\2-Cuatrimestre\Algoritmos y Estructura de datos\.metadata\.plugins\org.eclipse.swt\EBWebView\Default lastActive=2026-08-10T13:19:48.434Z
2026-08-11 02:52:31.449: [INFO] OnDoneLoading sync enabled: 0
2026-08-11 02:52:31.449: [INFO] BookmarkModelLoaded, ids_reassigned: 0
2026-08-11 02:52:31.449: [INFO] BookmarksLoadDropped droppedNodes=0
2026-08-11 02:52:31.449: [INFO] BookmarksSnapshot Startup total=0 bar=0 other=0 mobile=0 showBar=0 showBarNTP=1
2026-08-11 02:52:36.439: [INFO] BookmarksSnapshot Shutdown total=0 bar=0 other=0 mobile=0 showBar=0 showBarNTP=1
2026-08-11 02:53:32.124: [INFO] CurrentProfilePath: C:\Users\Milen\OneDrive\Documentos\UNIV.2do\2-Cuatrimestre\Algoritmos y Estructura de datos\.metadata\.plugins\org.eclipse.swt\EBWebView\Default
2026-08-11 02:53:32.124: [INFO] Profiles total count: 1
2026-08-11 02:53:32.125: [INFO] Profile: name=Perfil 1 path=C:\Users\Milen\OneDrive\Documentos\UNIV.2do\2-Cuatrimestre\Algoritmos y Estructura de datos\.metadata\.plugins\org.eclipse.swt\EBWebView\Default lastActive=2026-08-10T13:19:48.434Z
2026-08-11 02:53:32.125: [INFO] LastUsedProfileDir: C:\Users\Milen\OneDrive\Documentos\UNIV.2do\2-Cuatrimestre\Algoritmos y Estructura de datos\.metadata\.plugins\org.eclipse.swt\EBWebView\Default
2026-08-11 02:53:32.125: [INFO] MostRecentlyActiveProfile: name=Perfil 1 path=C:\Users\Milen\OneDrive\Documentos\UNIV.2do\2-Cuatrimestre\Algoritmos y Estructura de datos\.metadata\.plugins\org.eclipse.swt\EBWebView\Default lastActive=2026-08-10T13:19:48.434Z
2026-08-11 02:53:32.125: [INFO] OnDoneLoading sync enabled: 0
2026-08-11 02:53:32.125: [INFO] BookmarkModelLoaded, ids_reassigned: 0
2026-08-11 02:53:32.125: [INFO] BookmarksLoadDropped droppedNodes=0
2026-08-11 02:53:32.125: [INFO] BookmarksSnapshot Startup total=0 bar=0 other=0 mobile=0 showBar=0 showBarNTP=1
2026-08-11 11:42:58.375: [INFO] BookmarksSnapshot Shutdown total=0 bar=0 other=0 mobile=0 showBar=0 showBarNTP=1
2026-08-11 11:53:56.161: [INFO] CurrentProfilePath: C:\Users\Milen\OneDrive\Documentos\UNIV.2do\2-Cuatrimestre\Algoritmos y Estructura de datos\.metadata\.plugins\org.eclipse.swt\EBWebView\Default
2026-08-11 11:53:56.161: [INFO] Profiles total count: 1
2026-08-11 11:53:56.161: [INFO] Profile: name=Perfil 1 path=C:\Users\Milen\OneDrive\Documentos\UNIV.2do\2-Cuatrimestre\Algoritmos y Estructura de datos\.metadata\.plugins\org.eclipse.swt\EBWebView\Default lastActive=2026-08-10T13:19:48.434Z
2026-08-11 11:53:56.161: [INFO] LastUsedProfileDir: C:\Users\Milen\OneDrive\Documentos\UNIV.2do\2-Cuatrimestre\Algoritmos y Estructura de datos\.metadata\.plugins\org.eclipse.swt\EBWebView\Default
2026-08-11 11:53:56.161: [INFO] MostRecentlyActiveProfile: name=Perfil 1 path=C:\Users\Milen\OneDrive\Documentos\UNIV.2do\2-Cuatrimestre\Algoritmos y Estructura de datos\.metadata\.plugins\org.eclipse.swt\EBWebView\Default lastActive=2026-08-10T13:19:48.434Z
2026-08-11 11:53:56.161: [INFO] OnDoneLoading sync enabled: 0
2026-08-11 11:53:56.161: [INFO] BookmarkModelLoaded, ids_reassigned: 0
2026-08-11 11:53:56.161: [INFO] BookmarksLoadDropped droppedNodes=0
2026-08-11 11:53:56.161: [INFO] BookmarksSnapshot Startup total=0 bar=0 other=0 mobile=0 showBar=0 showBarNTP=1
2026-08-11 12:00:17.922: [INFO] BookmarksSnapshot Shutdown total=0 bar=0 other=0 mobile=0 showBar=0 showBarNTP=1
2026-08-11 22:01:23.997: [INFO] CurrentProfilePath: C:\Users\Milen\OneDrive\Documentos\UNIV.2do\2-Cuatrimestre\Algoritmos y Estructura de datos\.metadata\.plugins\org.eclipse.swt\EBWebView\Default
2026-08-11 22:01:23.997: [INFO] Profiles total count: 1
2026-08-11 22:01:23.999: [INFO] Profile: name=Perfil 1 path=C:\Users\Milen\OneDrive\Documentos\UNIV.2do\2-Cuatrimestre\Algoritmos y Estructura de datos\.metadata\.plugins\org.eclipse.swt\EBWebView\Default lastActive=2026-08-10T13:19:48.434Z
2026-08-11 22:01:23.999: [INFO] LastUsedProfileDir: C:\Users\Milen\OneDrive\Documentos\UNIV.2do\2-Cuatrimestre\Algoritmos y Estructura de datos\.metadata\.plugins\org.eclipse.swt\EBWebView\Default
2026-08-11 22:01:23.999: [INFO] MostRecentlyActiveProfile: name=Perfil 1 path=C:\Users\Milen\OneDrive\Documentos\UNIV.2do\2-Cuatrimestre\Algoritmos y Estructura de datos\.metadata\.plugins\org.eclipse.swt\EBWebView\Default lastActive=2026-08-10T13:19:48.434Z
2026-08-11 22:01:23.999: [INFO] OnDoneLoading sync enabled: 0
2026-08-11 22:01:23.999: [INFO] BookmarkModelLoaded, ids_reassigned: 0
2026-08-11 22:01:23.999: [INFO] BookmarksLoadDropped droppedNodes=0
2026-08-11 22:01:23.999: [INFO] BookmarksSnapshot Startup total=0 bar=0 other=0 mobile=0 showBar=0 showBarNTP=1
2026-08-11 22:02:44.418: [INFO] BookmarksSnapshot Shutdown total=0 bar=0 other=0 mobile=0 showBar=0 showBarNTP=1
2026-08-11 22:03:14.019: [INFO] CurrentProfilePath: C:\Users\Milen\OneDrive\Documentos\UNIV.2do\2-Cuatrimestre\Algoritmos y Estructura de datos\.metadata\.plugins\org.eclipse.swt\EBWebView\Default
2026-08-11 22:03:14.019: [INFO] Profiles total count: 1
2026-08-11 22:03:14.025: [INFO] Profile: name=Perfil 1 path=C:\Users\Milen\OneDrive\Documentos\UNIV.2do\2-Cuatrimestre\Algoritmos y Estructura de datos\.metadata\.plugins\org.eclipse.swt\EBWebView\Default lastActive=2026-08-10T13:19:48.434Z
2026-08-11 22:03:14.025: [INFO] LastUsedProfileDir: C:\Users\Milen\OneDrive\Documentos\UNIV.2do\2-Cuatrimestre\Algoritmos y Estructura de datos\.metadata\.plugins\org.eclipse.swt\EBWebView\Default
2026-08-11 22:03:14.025: [INFO] MostRecentlyActiveProfile: name=Perfil 1 path=C:\Users\Milen\OneDrive\Documentos\UNIV.2do\2-Cuatrimestre\Algoritmos y Estructura de datos\.metadata\.plugins\org.eclipse.swt\EBWebView\Default lastActive=2026-08-10T13:19:48.434Z
2026-08-11 22:03:14.025: [INFO] OnDoneLoading sync enabled: 0
2026-08-11 22:03:14.025: [INFO] BookmarkModelLoaded, ids_reassigned: 0
2026-08-11 22:03:14.025: [INFO] BookmarksLoadDropped droppedNodes=0
2026-08-11 22:03:14.025: [INFO] BookmarksSnapshot Startup total=0 bar=0 other=0 mobile=0 showBar=0 showBarNTP=1
2026-08-12 03:35:58.399: [INFO] BookmarksSnapshot Shutdown total=0 bar=0 other=0 mobile=0 showBar=0 showBarNTP=1
2026-08-12 03:36:01.508: [INFO] CurrentProfilePath: C:\Users\Milen\OneDrive\Documentos\UNIV.2do\2-Cuatrimestre\Algoritmos y Estructura de datos\.metadata\.plugins\org.eclipse.swt\EBWebView\Default
2026-08-12 03:36:01.508: [INFO] Profiles total count: 1
2026-08-12 03:36:01.509: [INFO] Profile: name=Perfil 1 path=C:\Users\Milen\OneDrive\Documentos\UNIV.2do\2-Cuatrimestre\Algoritmos y Estructura de datos\.metadata\.plugins\org.eclipse.swt\EBWebView\Default lastActive=2026-08-10T13:19:48.434Z
2026-08-12 03:36:01.509: [INFO] LastUsedProfileDir: C:\Users\Milen\OneDrive\Documentos\UNIV.2do\2-Cuatrimestre\Algoritmos y Estructura de datos\.metadata\.plugins\org.eclipse.swt\EBWebView\Default
2026-08-12 03:36:01.509: [INFO] MostRecentlyActiveProfile: name=Perfil 1 path=C:\Users\Milen\OneDrive\Documentos\UNIV.2do\2-Cuatrimestre\Algoritmos y Estructura de datos\.metadata\.plugins\org.eclipse.swt\EBWebView\Default lastActive=2026-08-10T13:19:48.434Z
2026-08-12 03:36:01.509: [INFO] OnDoneLoading sync enabled: 0
2026-08-12 03:36:01.509: [INFO] BookmarkModelLoaded, ids_reassigned: 0
2026-08-12 03:36:01.509: [INFO] BookmarksLoadDropped droppedNodes=0
2026-08-12 03:36:01.509: [INFO] BookmarksSnapshot Startup total=0 bar=0 other=0 mobile=0 showBar=0 showBarNTP=1
2026-08-12 04:14:34.216: [INFO] BookmarksSnapshot Shutdown total=0 bar=0 other=0 mobile=0 showBar=0 showBarNTP=1
2026-08-12 20:41:45.651: [INFO] CurrentProfilePath: C:\Users\Milen\OneDrive\Documentos\UNIV.2do\2-Cuatrimestre\Algoritmos y Estructura de datos\.metadata\.plugins\org.eclipse.swt\EBWebView\Default
2026-08-12 20:41:45.651: [INFO] Profiles total count: 1
2026-08-12 20:41:45.653: [INFO] Profile: name=Perfil 1 path=C:\Users\Milen\OneDrive\Documentos\UNIV.2do\2-Cuatrimestre\Algoritmos y Estructura de datos\.metadata\.plugins\org.eclipse.swt\EBWebView\Default lastActive=2026-08-10T13:19:48.434Z
2026-08-12 20:41:45.653: [INFO] LastUsedProfileDir: C:\Users\Milen\OneDrive\Documentos\UNIV.2do\2-Cuatrimestre\Algoritmos y Estructura de datos\.metadata\.plugins\org.eclipse.swt\EBWebView\Default
2026-08-12 20:41:45.653: [INFO] MostRecentlyActiveProfile: name=Perfil 1 path=C:\Users\Milen\OneDrive\Documentos\UNIV.2do\2-Cuatrimestre\Algoritmos y Estructura de datos\.metadata\.plugins\org.eclipse.swt\EBWebView\Default lastActive=2026-08-10T13:19:48.434Z
2026-08-12 20:41:45.653: [INFO] OnDoneLoading sync enabled: 0
2026-08-12 20:41:45.653: [INFO] BookmarkModelLoaded, ids_reassigned: 0
2026-08-12 20:41:45.653: [INFO] BookmarksLoadDropped droppedNodes=0
2026-08-12 20:41:45.653: [INFO] BookmarksSnapshot Startup total=0 bar=0 other=0 mobile=0 showBar=0 showBarNTP=1
2026-08-12 20:41:45.815: [INFO] BookmarksSnapshot Shutdown total=0 bar=0 other=0 mobile=0 showBar=0 showBarNTP=1
2026-08-12 20:59:37.977: [INFO] CurrentProfilePath: C:\Users\Milen\OneDrive\Documentos\UNIV.2do\2-Cuatrimestre\Algoritmos y Estructura de datos\.metadata\.plugins\org.eclipse.swt\EBWebView\Default
2026-08-12 20:59:37.977: [INFO] Profiles total count: 1
2026-08-12 20:59:37.978: [INFO] Profile: name=Perfil 1 path=C:\Users\Milen\OneDrive\Documentos\UNIV.2do\2-Cuatrimestre\Algoritmos y Estructura de datos\.metadata\.plugins\org.eclipse.swt\EBWebView\Default lastActive=2026-08-10T13:19:48.434Z
2026-08-12 20:59:37.978: [INFO] LastUsedProfileDir: C:\Users\Milen\OneDrive\Documentos\UNIV.2do\2-Cuatrimestre\Algoritmos y Estructura de datos\.metadata\.plugins\org.eclipse.swt\EBWebView\Default
2026-08-12 20:59:37.978: [INFO] MostRecentlyActiveProfile: name=Perfil 1 path=C:\Users\Milen\OneDrive\Documentos\UNIV.2do\2-Cuatrimestre\Algoritmos y Estructura de datos\.metadata\.plugins\org.eclipse.swt\EBWebView\Default lastActive=2026-08-10T13:19:48.434Z
2026-08-12 20:59:37.978: [INFO] OnDoneLoading sync enabled: 0
2026-08-12 20:59:37.978: [INFO] BookmarkModelLoaded, ids_reassigned: 0
2026-08-12 20:59:37.978: [INFO] BookmarksLoadDropped droppedNodes=0
2026-08-12 20:59:37.978: [INFO] BookmarksSnapshot Startup total=0 bar=0 other=0 mobile=0 showBar=0 showBarNTP=1
2026-08-12 21:00:22.607: [INFO] BookmarksSnapshot Shutdown total=0 bar=0 other=0 mobile=0 showBar=0 showBarNTP=1
2026-08-12 21:00:54.897: [INFO] CurrentProfilePath: C:\Users\Milen\OneDrive\Documentos\UNIV.2do\2-Cuatrimestre\Algoritmos y Estructura de datos\.metadata\.plugins\org.eclipse.swt\EBWebView\Default
2026-08-12 21:00:54.897: [INFO] Profiles total count: 1
2026-08-12 21:00:54.898: [INFO] Profile: name=Perfil 1 path=C:\Users\Milen\OneDrive\Documentos\UNIV.2do\2-Cuatrimestre\Algoritmos y Estructura de datos\.metadata\.plugins\org.eclipse.swt\EBWebView\Default lastActive=2026-08-10T13:19:48.434Z
2026-08-12 21:00:54.898: [INFO] LastUsedProfileDir: C:\Users\Milen\OneDrive\Documentos\UNIV.2do\2-Cuatrimestre\Algoritmos y Estructura de datos\.metadata\.plugins\org.eclipse.swt\EBWebView\Default
2026-08-12 21:00:54.898: [INFO] MostRecentlyActiveProfile: name=Perfil 1 path=C:\Users\Milen\OneDrive\Documentos\UNIV.2do\2-Cuatrimestre\Algoritmos y Estructura de datos\.metadata\.plugins\org.eclipse.swt\EBWebView\Default lastActive=2026-08-10T13:19:48.434Z
2026-08-12 21:00:54.898: [INFO] OnDoneLoading sync enabled: 0
2026-08-12 21:00:54.898: [INFO] BookmarkModelLoaded, ids_reassigned: 0
2026-08-12 21:00:54.898: [INFO] BookmarksLoadDropped droppedNodes=0
2026-08-12 21:00:54.898: [INFO] BookmarksSnapshot Startup total=0 bar=0 other=0 mobile=0 showBar=0 showBarNTP=1
2026-08-12 21:01:03.740: [INFO] BookmarksSnapshot Shutdown total=0 bar=0 other=0 mobile=0 showBar=0 showBarNTP=1
2026-08-12 21:04:28.711: [INFO] CurrentProfilePath: C:\Users\Milen\OneDrive\Documentos\UNIV.2do\2-Cuatrimestre\Algoritmos y Estructura de datos\.metadata\.plugins\org.eclipse.swt\EBWebView\Default
2026-08-12 21:04:28.711: [INFO] Profiles total count: 1
2026-08-12 21:04:28.712: [INFO] Profile: name=Perfil 1 path=C:\Users\Milen\OneDrive\Documentos\UNIV.2do\2-Cuatrimestre\Algoritmos y Estructura de datos\.metadata\.plugins\org.eclipse.swt\EBWebView\Default lastActive=2026-08-10T13:19:48.434Z
2026-08-12 21:04:28.712: [INFO] LastUsedProfileDir: C:\Users\Milen\OneDrive\Documentos\UNIV.2do\2-Cuatrimestre\Algoritmos y Estructura de datos\.metadata\.plugins\org.eclipse.swt\EBWebView\Default
2026-08-12 21:04:28.712: [INFO] MostRecentlyActiveProfile: name=Perfil 1 path=C:\Users\Milen\OneDrive\Documentos\UNIV.2do\2-Cuatrimestre\Algoritmos y Estructura de datos\.metadata\.plugins\org.eclipse.swt\EBWebView\Default lastActive=2026-08-10T13:19:48.434Z
2026-08-12 21:04:28.712: [INFO] OnDoneLoading sync enabled: 0
2026-08-12 21:04:28.712: [INFO] BookmarkModelLoaded, ids_reassigned: 0
2026-08-12 21:04:28.712: [INFO] BookmarksLoadDropped droppedNodes=0
2026-08-12 21:04:28.712: [INFO] BookmarksSnapshot Startup total=0 bar=0 other=0 mobile=0 showBar=0 showBarNTP=1
2026-08-12 21:04:28.818: [INFO] BookmarksSnapshot Shutdown total=0 bar=0 other=0 mobile=0 showBar=0 showBarNTP=1
2026-08-12 21:08:14.812: [INFO] CurrentProfilePath: C:\Users\Milen\OneDrive\Documentos\UNIV.2do\2-Cuatrimestre\Algoritmos y Estructura de datos\.metadata\.plugins\org.eclipse.swt\EBWebView\Default
2026-08-12 21:08:14.812: [INFO] Profiles total count: 1
2026-08-12 21:08:14.813: [INFO] Profile: name=Perfil 1 path=C:\Users\Milen\OneDrive\Documentos\UNIV.2do\2-Cuatrimestre\Algoritmos y Estructura de datos\.metadata\.plugins\org.eclipse.swt\EBWebView\Default lastActive=2026-08-10T13:19:48.434Z
2026-08-12 21:08:14.813: [INFO] LastUsedProfileDir: C:\Users\Milen\OneDrive\Documentos\UNIV.2do\2-Cuatrimestre\Algoritmos y Estructura de datos\.metadata\.plugins\org.eclipse.swt\EBWebView\Default
2026-08-12 21:08:14.813: [INFO] MostRecentlyActiveProfile: name=Perfil 1 path=C:\Users\Milen\OneDrive\Documentos\UNIV.2do\2-Cuatrimestre\Algoritmos y Estructura de datos\.metadata\.plugins\org.eclipse.swt\EBWebView\Default lastActive=2026-08-10T13:19:48.434Z
2026-08-12 21:08:14.813: [INFO] OnDoneLoading sync enabled: 0
2026-08-12 21:08:14.813: [INFO] BookmarkModelLoaded, ids_reassigned: 0
2026-08-12 21:08:14.813: [INFO] BookmarksLoadDropped droppedNodes=0
2026-08-12 21:08:14.813: [INFO] BookmarksSnapshot Startup total=0 bar=0 other=0 mobile=0 showBar=0 showBarNTP=1
2026-08-12 21:08:18.596: [INFO] BookmarksSnapshot Shutdown total=0 bar=0 other=0 mobile=0 showBar=0 showBarNTP=1
2026-08-12 21:09:18.136: [INFO] CurrentProfilePath: C:\Users\Milen\OneDrive\Documentos\UNIV.2do\2-Cuatrimestre\Algoritmos y Estructura de datos\.metadata\.plugins\org.eclipse.swt\EBWebView\Default
2026-08-12 21:09:18.136: [INFO] Profiles total count: 1
2026-08-12 21:09:18.136: [INFO] Profile: name=Perfil 1 path=C:\Users\Milen\OneDrive\Documentos\UNIV.2do\2-Cuatrimestre\Algoritmos y Estructura de datos\.metadata\.plugins\org.eclipse.swt\EBWebView\Default lastActive=2026-08-10T13:19:48.434Z
2026-08-12 21:09:18.136: [INFO] LastUsedProfileDir: C:\Users\Milen\OneDrive\Documentos\UNIV.2do\2-Cuatrimestre\Algoritmos y Estructura de datos\.metadata\.plugins\org.eclipse.swt\EBWebView\Default
2026-08-12 21:09:18.136: [INFO] MostRecentlyActiveProfile: name=Perfil 1 path=C:\Users\Milen\OneDrive\Documentos\UNIV.2do\2-Cuatrimestre\Algoritmos y Estructura de datos\.metadata\.plugins\org.eclipse.swt\EBWebView\Default lastActive=2026-08-10T13:19:48.434Z
2026-08-12 21:09:18.136: [INFO] OnDoneLoading sync enabled: 0
2026-08-12 21:09:18.136: [INFO] BookmarkModelLoaded, ids_reassigned: 0
2026-08-12 21:09:18.136: [INFO] BookmarksLoadDropped droppedNodes=0
2026-08-12 21:09:18.136: [INFO] BookmarksSnapshot Startup total=0 bar=0 other=0 mobile=0 showBar=0 showBarNTP=1
2026-08-12 21:11:50.473: [INFO] BookmarksSnapshot Shutdown total=0 bar=0 other=0 mobile=0 showBar=0 showBarNTP=1
2026-08-12 21:13:54.649: [INFO] CurrentProfilePath: C:\Users\Milen\OneDrive\Documentos\UNIV.2do\2-Cuatrimestre\Algoritmos y Estructura de datos\.metadata\.plugins\org.eclipse.swt\EBWebView\Default
2026-08-12 21:13:54.649: [INFO] Profiles total count: 1
2026-08-12 21:13:54.650: [INFO] Profile: name=Perfil 1 path=C:\Users\Milen\OneDrive\Documentos\UNIV.2do\2-Cuatrimestre\Algoritmos y Estructura de datos\.metadata\.plugins\org.eclipse.swt\EBWebView\Default lastActive=2026-08-10T13:19:48.434Z
2026-08-12 21:13:54.650: [INFO] LastUsedProfileDir: C:\Users\Milen\OneDrive\Documentos\UNIV.2do\2-Cuatrimestre\Algoritmos y Estructura de datos\.metadata\.plugins\org.eclipse.swt\EBWebView\Default
2026-08-12 21:13:54.650: [INFO] MostRecentlyActiveProfile: name=Perfil 1 path=C:\Users\Milen\OneDrive\Documentos\UNIV.2do\2-Cuatrimestre\Algoritmos y Estructura de datos\.metadata\.plugins\org.eclipse.swt\EBWebView\Default lastActive=2026-08-10T13:19:48.434Z
2026-08-12 21:13:54.650: [INFO] OnDoneLoading sync enabled: 0
2026-08-12 21:13:54.650: [INFO] BookmarkModelLoaded, ids_reassigned: 0
2026-08-12 21:13:54.650: [INFO] BookmarksLoadDropped droppedNodes=0
2026-08-12 21:13:54.650: [INFO] BookmarksSnapshot Startup total=0 bar=0 other=0 mobile=0 showBar=0 showBarNTP=1
2026-08-12 21:13:54.766: [INFO] BookmarksSnapshot Shutdown total=0 bar=0 other=0 mobile=0 showBar=0 showBarNTP=1
2026-08-12 21:14:44.152: [INFO] CurrentProfilePath: C:\Users\Milen\OneDrive\Documentos\UNIV.2do\2-Cuatrimestre\Algoritmos y Estructura de datos\.metadata\.plugins\org.eclipse.swt\EBWebView\Default
2026-08-12 21:14:44.152: [INFO] Profiles total count: 1
2026-08-12 21:14:44.153: [INFO] Profile: name=Perfil 1 path=C:\Users\Milen\OneDrive\Documentos\UNIV.2do\2-Cuatrimestre\Algoritmos y Estructura de datos\.metadata\.plugins\org.eclipse.swt\EBWebView\Default lastActive=2026-08-10T13:19:48.434Z
2026-08-12 21:14:44.153: [INFO] LastUsedProfileDir: C:\Users\Milen\OneDrive\Documentos\UNIV.2do\2-Cuatrimestre\Algoritmos y Estructura de datos\.metadata\.plugins\org.eclipse.swt\EBWebView\Default
2026-08-12 21:14:44.153: [INFO] MostRecentlyActiveProfile: name=Perfil 1 path=C:\Users\Milen\OneDrive\Documentos\UNIV.2do\2-Cuatrimestre\Algoritmos y Estructura de datos\.metadata\.plugins\org.eclipse.swt\EBWebView\Default lastActive=2026-08-10T13:19:48.434Z
2026-08-12 21:14:44.153: [INFO] OnDoneLoading sync enabled: 0
2026-08-12 21:14:44.153: [INFO] BookmarkModelLoaded, ids_reassigned: 0
2026-08-12 21:14:44.153: [INFO] BookmarksLoadDropped droppedNodes=0
2026-08-12 21:14:44.153: [INFO] BookmarksSnapshot Startup total=0 bar=0 other=0 mobile=0 showBar=0 showBarNTP=1
2026-08-18 15:57:41.830: [INFO] CurrentProfilePath: C:\Users\Milen\OneDrive\Documentos\UNIV.2do\2-Cuatrimestre\Algoritmos y Estructura de datos\.metadata\.plugins\org.eclipse.swt\EBWebView\Default
2026-08-18 15:57:41.830: [INFO] Profiles total count: 1
2026-08-18 15:57:41.830: [INFO] Profile: name=Perfil 1 path=C:\Users\Milen\OneDrive\Documentos\UNIV.2do\2-Cuatrimestre\Algoritmos y Estructura de datos\.metadata\.plugins\org.eclipse.swt\EBWebView\Default lastActive=2026-08-10T13:19:48.434Z
2026-08-18 15:57:41.830: [INFO] LastUsedProfileDir: C:\Users\Milen\OneDrive\Documentos\UNIV.2do\2-Cuatrimestre\Algoritmos y Estructura de datos\.metadata\.plugins\org.eclipse.swt\EBWebView\Default
2026-08-18 15:57:41.831: [INFO] MostRecentlyActiveProfile: name=Perfil 1 path=C:\Users\Milen\OneDrive\Documentos\UNIV.2do\2-Cuatrimestre\Algoritmos y Estructura de datos\.metadata\.plugins\org.eclipse.swt\EBWebView\Default lastActive=2026-08-10T13:19:48.434Z
2026-08-18 15:57:41.831: [INFO] OnDoneLoading sync enabled: 0
2026-08-18 15:57:41.831: [INFO] BookmarkModelLoaded, ids_reassigned: 0
2026-08-18 15:57:41.831: [INFO] BookmarksLoadDropped droppedNodes=0
2026-08-18 15:57:41.831: [INFO] BookmarksSnapshot Startup total=0 bar=0 other=0 mobile=0 showBar=0 showBarNTP=1
2026-08-18 16:08:47.626: [INFO] BookmarksSnapshot Shutdown total=0 bar=0 other=0 mobile=0 showBar=0 showBarNTP=1
2026-08-18 16:16:39.361: [INFO] CurrentProfilePath: C:\Users\Milen\OneDrive\Documentos\UNIV.2do\2-Cuatrimestre\Algoritmos y Estructura de datos\.metadata\.plugins\org.eclipse.swt\EBWebView\Default
2026-08-18 16:16:39.361: [INFO] Profiles total count: 1
2026-08-18 16:16:39.361: [INFO] Profile: name=Perfil 1 path=C:\Users\Milen\OneDrive\Documentos\UNIV.2do\2-Cuatrimestre\Algoritmos y Estructura de datos\.metadata\.plugins\org.eclipse.swt\EBWebView\Default lastActive=2026-08-10T13:19:48.434Z
2026-08-18 16:16:39.361: [INFO] LastUsedProfileDir: C:\Users\Milen\OneDrive\Documentos\UNIV.2do\2-Cuatrimestre\Algoritmos y Estructura de datos\.metadata\.plugins\org.eclipse.swt\EBWebView\Default
2026-08-18 16:16:39.361: [INFO] MostRecentlyActiveProfile: name=Perfil 1 path=C:\Users\Milen\OneDrive\Documentos\UNIV.2do\2-Cuatrimestre\Algoritmos y Estructura de datos\.metadata\.plugins\org.eclipse.swt\EBWebView\Default lastActive=2026-08-10T13:19:48.434Z
2026-08-18 16:16:39.361: [INFO] OnDoneLoading sync enabled: 0
2026-08-18 16:16:39.362: [INFO] BookmarkModelLoaded, ids_reassigned: 0
2026-08-18 16:16:39.362: [INFO] BookmarksLoadDropped droppedNodes=0
2026-08-18 16:16:39.362: [INFO] BookmarksSnapshot Startup total=0 bar=0 other=0 mobile=0 showBar=0 showBarNTP=1
2026-08-18 16:17:58.247: [INFO] BookmarksSnapshot Shutdown total=0 bar=0 other=0 mobile=0 showBar=0 showBarNTP=1
